--------------------------------------- Gamgams

1S: chi^2/ndf = 214.1/(210-18) = 1.12
    area = 317.8 +/- 2.2 MeV nb
    back = 9.353 +/- 0.022 nb
    rmsbeam_jan  = 3.773 +/- 0.030 MeV
    rmsbeam_feb  = 3.776 +/- 0.035 MeV
    rmsbeam_apr1 = 3.950 +/- 0.091 MeV
    rmsbeam_apr2 = 3.681 +/- 0.048 MeV
    offset_jan16 = 0.242 +/- 0.122 MeV
    offset_jan30 = 0.547 +/- 0.096 MeV
    offset_feb06 = 0.167 +/- 0.096 MeV
    offset_feb13 = 0.064 +/- 0.105 MeV
    offset_feb20 = 0.172 +/- 0.099 MeV
    offset_feb27 = 0.123 +/- 0.100 MeV
    offset_mar06 = 0.234 +/- 0.121 MeV
    offset_mar13 = 0.581 +/- 0.104 MeV
    offset_apr03 = 0.894 +/- 0.152 MeV
    offset_apr08 = 0.799 +/- 0.125 MeV
    offset_apr09 = 0.445 +/- 0.133 MeV
    offset_apr10 = 0.873 +/- 0.117 MeV

1S B_tautau: 317.5 +/- 2.2 MeV nb

2S: chi^2/ndf = 57.6/(75-9) = 0.87
    area = 133.2 +/- 2.1 MeV nb
    back = 9.331 +/- 0.016 nb
    rmsbeam = 4.164 +/- 0.085 MeV
    offset_may29 = -1.038 +/- 0.203 MeV
    offset_jun11 = -1.080 +/- 0.157 MeV
    offset_jun12 = -1.515 +/- 0.182 MeV
    offset_jul10 = -0.771 +/- 0.128 MeV
    offset_jul24 = -0.685 +/- 0.218 MeV
    offset_aug07 = -0.392 +/- 0.204 MeV

3S: chi^2/ndf = 146.7/(175-16) = 0.92
    area = 86.1 +/- 1.9 MeV nb
    back = 9.315 +/- 0.024 nb
    rmsbeam_rnov28 = 4.725 +/- 0.153 MeV
    rmsbeam_rdec05 = 4.463 +/- 0.143 MeV
    rmsbeam_rdec12 = 4.527 +/- 0.134 MeV
    rmsbeam_rdec19 = 4.696 +/- 0.177 MeV
    rmsbeam_rdec26 = 4.120 +/- 0.204 MeV
    rmsbeam_rjan02 = 4.579 +/- 0.155 MeV
    rmsbeam_rjan09 = 4.607 +/- 0.129 MeV
    nov28 = -2.426 +/- 0.421 MeV
    dec05 = -4.224 +/- 0.279 MeV
    dec12 = -3.242 +/- 0.346 MeV
    dec19 = -2.218 +/- 0.370 MeV
    dec26 = -3.028 +/- 0.204 MeV
    jan02 = -2.736 +/- 0.309 MeV
    jan09 = -2.480 +/- 0.383 MeV

3S B_tautau: 86.0 +/- 1.9 MeV nb

--------------------------------------- Inner Bhabhas

1S: chi^2/ndf = 259.9/(210-18) = 1.35
    area = 324.00 +/- 1.2 MeV nb
    back = 9.362 +/- 0.012 nb
    rmsbeam_jan  = 3.812 +/- 0.016 MeV
    rmsbeam_feb  = 3.809 +/- 0.019 MeV
    rmsbeam_apr1 = 3.715 +/- 0.041 MeV
    rmsbeam_apr2 = 3.737 +/- 0.025 MeV
    offset_jan16 =  0.384 +/- 0.069 MeV
    offset_jan30 =  0.460 +/- 0.049 MeV
    offset_feb06 = -0.081 +/- 0.045 MeV
    offset_feb13 =  0.066 +/- 0.059 MeV
    offset_feb20 =  0.027 +/- 0.053 MeV
    offset_feb27 =  0.189 +/- 0.053 MeV
    offset_mar06 =  0.306 +/- 0.070 MeV
    offset_mar13 =  0.263 +/- 0.053 MeV
    offset_apr03 =  0.835 +/- 0.070 MeV
    offset_apr08 =  0.557 +/- 0.059 MeV
    offset_apr09 =  0.499 +/- 0.065 MeV
    offset_apr10 =  0.731 +/- 0.065 MeV

1S B_tautau: 323.7 +/- 1.2 MeV nb

2S: 86.5/(75-9) = 1.31
    area = 134.4 +/- 1.2 MeV nb
    back = 9.3267 +/- 0.0089 nb
    rmsbeam = 4.173 +/- 0.049 MeV
    offset_may29 = -1.303 +/- 0.102 MeV
    offset_jun11 = -1.182 +/- 0.086 MeV
    offset_jun12 = -0.973 +/- 0.102 MeV
    offset_jul10 = -0.703 +/- 0.069 MeV
    offset_jul24 = -0.798 +/- 0.117 MeV
    offset_aug07 = -0.557 +/- 0.113 MeV

3S: chi^2/ndf = 166.1/(175-16) = 1.04
    area = 89.0 +/- 1.1 MeV nb
    back = 9.323 +/- 0.014 nb
    rmsbeam_rnov28 = 4.603 +/- 0.083 MeV
    rmsbeam_rdec05 = 4.725 +/- 0.076 MeV
    rmsbeam_rdec12 = 4.638 +/- 0.072 MeV
    rmsbeam_rdec19 = 4.770 +/- 0.090 MeV
    rmsbeam_rdec26 = 4.849 +/- 0.128 MeV
    rmsbeam_rjan02 = 4.459 +/- 0.081 MeV
    rmsbeam_rjan09 = 4.635 +/- 0.071 MeV
    offset_nov28 = -3.189 +/- 0.207 MeV
    offset_dec05 = -3.735 +/- 0.165 MeV
    offset_dec12 = -2.985 +/- 0.205 MeV
    offset_dec19 = -2.810 +/- 0.206 MeV
    offset_dec26 = -2.677 +/- 0.139 MeV
    offset_jan02 = -2.779 +/- 0.160 MeV
    offset_jan09 = -2.763 +/- 0.205 MeV

3S B_tautau: 88.9 +/- 1.1 MeV nb

--------------------------------------- Outer Bhabhas

1S: chi^2/ndf = 257.2/(210-18) = 1.34
    area = 323.16 +/- 0.95 MeV nb
    back = 9.358 +/- 0.010 nb
    rmsbeam_jan  = 3.816 +/- 0.013 MeV
    rmsbeam_feb  = 3.841 +/- 0.015 MeV
    rmsbeam_apr1 = 3.771 +/- 0.033 MeV
    rmsbeam_apr2 = 3.752 +/- 0.020 MeV
    offset_jan16 = 0.393 +/- 0.056 MeV
    offset_jan30 = 0.576 +/- 0.038 MeV
    offset_feb06 = 0.038 +/- 0.037 MeV
    offset_feb13 = 0.011 +/- 0.045 MeV
    offset_feb20 = 0.066 +/- 0.042 MeV
    offset_feb27 = 0.178 +/- 0.043 MeV
    offset_mar06 = 0.495 +/- 0.057 MeV
    offset_mar13 = 0.373 +/- 0.041 MeV
    offset_apr03 = 0.817 +/- 0.056 MeV
    offset_apr08 = 0.585 +/- 0.048 MeV
    offset_apr09 = 0.631 +/- 0.053 MeV
    offset_apr10 = 0.798 +/- 0.052 MeV

1S B_tautau: 322.88 +/- 0.95 MeV nb

2S: 82.0/(75-9) = 1.24
    area = 134.02 +/- 0.92 MeV nb
    back = 9.3247 +/- 0.0074 nb
    rmsbeam = 4.161 +/- 0.038 MeV
    offset_may29 = -1.196 +/- 0.081 MeV
    offset_jun11 = -1.090 +/- 0.068 MeV
    offset_jun12 = -1.053 +/- 0.083 MeV
    offset_jul10 = -0.824 +/- 0.053 MeV
    offset_jul24 = -0.701 +/- 0.094 MeV
    offset_aug07 = -0.689 +/- 0.091 MeV

3S: chi^2/ndf = 149.93/(175-16) = 0.94
    area = 87.74 +/- 0.87 MeV nb
    back = 9.334 +/- 0.011 nb
    rmsbeam_nov28 = 4.669 +/- 0.068 MeV
    rmsbeam_dec05 = 4.595 +/- 0.061 MeV
    rmsbeam_dec12 = 4.576 +/- 0.058 MeV
    rmsbeam_dec19 = 4.634 +/- 0.071 MeV
    rmsbeam_dec26 = 4.669 +/- 0.105 MeV
    rmsbeam_jan02 = 4.551 +/- 0.068 MeV
    rmsbeam_jan09 = 4.622 +/- 0.059 MeV
    offset_nov28 = -3.172 +/- 0.171 MeV
    offset_dec05 = -3.839 +/- 0.128 MeV
    offset_dec12 = -2.692 +/- 0.164 MeV
    offset_dec19 = -2.769 +/- 0.158 MeV
    offset_dec26 = -2.659 +/- 0.109 MeV
    offset_jan02 = -2.726 +/- 0.134 MeV
    offset_jan09 = -2.875 +/- 0.168 MeV

3S B_tautau: 87.67 +/- 0.87 MeV nb
